Archive member included to satisfy reference by file (symbol)

d:/ac6/systemworkbench/plugins/fr.ac6.mcu.externaltools.arm-none.win32_1.17.0.201812190825/tools/compiler/bin/../lib/gcc/arm-none-eabi/7.3.1/../../../../arm-none-eabi/lib/thumb/v7e-m/fpv4-sp/hard\libc_nano.a(lib_a-errno.o)
                              Src/syscalls.o (__errno)
d:/ac6/systemworkbench/plugins/fr.ac6.mcu.externaltools.arm-none.win32_1.17.0.201812190825/tools/compiler/bin/../lib/gcc/arm-none-eabi/7.3.1/../../../../arm-none-eabi/lib/thumb/v7e-m/fpv4-sp/hard\libc_nano.a(lib_a-exit.o)
                              d:/ac6/systemworkbench/plugins/fr.ac6.mcu.externaltools.arm-none.win32_1.17.0.201812190825/tools/compiler/bin/../lib/gcc/arm-none-eabi/7.3.1/../../../../arm-none-eabi/lib/thumb/v7e-m/fpv4-sp/hard/crt0.o (exit)
d:/ac6/systemworkbench/plugins/fr.ac6.mcu.externaltools.arm-none.win32_1.17.0.201812190825/tools/compiler/bin/../lib/gcc/arm-none-eabi/7.3.1/../../../../arm-none-eabi/lib/thumb/v7e-m/fpv4-sp/hard\libc_nano.a(lib_a-impure.o)
                              d:/ac6/systemworkbench/plugins/fr.ac6.mcu.externaltools.arm-none.win32_1.17.0.201812190825/tools/compiler/bin/../lib/gcc/arm-none-eabi/7.3.1/../../../../arm-none-eabi/lib/thumb/v7e-m/fpv4-sp/hard\libc_nano.a(lib_a-exit.o) (_global_impure_ptr)
d:/ac6/systemworkbench/plugins/fr.ac6.mcu.externaltools.arm-none.win32_1.17.0.201812190825/tools/compiler/bin/../lib/gcc/arm-none-eabi/7.3.1/../../../../arm-none-eabi/lib/thumb/v7e-m/fpv4-sp/hard\libc_nano.a(lib_a-init.o)
                              d:/ac6/systemworkbench/plugins/fr.ac6.mcu.externaltools.arm-none.win32_1.17.0.201812190825/tools/compiler/bin/../lib/gcc/arm-none-eabi/7.3.1/../../../../arm-none-eabi/lib/thumb/v7e-m/fpv4-sp/hard/crt0.o (__libc_init_array)
d:/ac6/systemworkbench/plugins/fr.ac6.mcu.externaltools.arm-none.win32_1.17.0.201812190825/tools/compiler/bin/../lib/gcc/arm-none-eabi/7.3.1/../../../../arm-none-eabi/lib/thumb/v7e-m/fpv4-sp/hard\libc_nano.a(lib_a-malloc.o)
                              Src/stm32_printf.o (malloc)
d:/ac6/systemworkbench/plugins/fr.ac6.mcu.externaltools.arm-none.win32_1.17.0.201812190825/tools/compiler/bin/../lib/gcc/arm-none-eabi/7.3.1/../../../../arm-none-eabi/lib/thumb/v7e-m/fpv4-sp/hard\libc_nano.a(lib_a-memset.o)
                              d:/ac6/systemworkbench/plugins/fr.ac6.mcu.externaltools.arm-none.win32_1.17.0.201812190825/tools/compiler/bin/../lib/gcc/arm-none-eabi/7.3.1/../../../../arm-none-eabi/lib/thumb/v7e-m/fpv4-sp/hard/crt0.o (memset)
d:/ac6/systemworkbench/plugins/fr.ac6.mcu.externaltools.arm-none.win32_1.17.0.201812190825/tools/compiler/bin/../lib/gcc/arm-none-eabi/7.3.1/../../../../arm-none-eabi/lib/thumb/v7e-m/fpv4-sp/hard\libc_nano.a(lib_a-nano-freer.o)
                              d:/ac6/systemworkbench/plugins/fr.ac6.mcu.externaltools.arm-none.win32_1.17.0.201812190825/tools/compiler/bin/../lib/gcc/arm-none-eabi/7.3.1/../../../../arm-none-eabi/lib/thumb/v7e-m/fpv4-sp/hard\libc_nano.a(lib_a-malloc.o) (_free_r)
d:/ac6/systemworkbench/plugins/fr.ac6.mcu.externaltools.arm-none.win32_1.17.0.201812190825/tools/compiler/bin/../lib/gcc/arm-none-eabi/7.3.1/../../../../arm-none-eabi/lib/thumb/v7e-m/fpv4-sp/hard\libc_nano.a(lib_a-nano-mallocr.o)
                              d:/ac6/systemworkbench/plugins/fr.ac6.mcu.externaltools.arm-none.win32_1.17.0.201812190825/tools/compiler/bin/../lib/gcc/arm-none-eabi/7.3.1/../../../../arm-none-eabi/lib/thumb/v7e-m/fpv4-sp/hard\libc_nano.a(lib_a-malloc.o) (_malloc_r)
d:/ac6/systemworkbench/plugins/fr.ac6.mcu.externaltools.arm-none.win32_1.17.0.201812190825/tools/compiler/bin/../lib/gcc/arm-none-eabi/7.3.1/../../../../arm-none-eabi/lib/thumb/v7e-m/fpv4-sp/hard\libc_nano.a(lib_a-sbrkr.o)
                              d:/ac6/systemworkbench/plugins/fr.ac6.mcu.externaltools.arm-none.win32_1.17.0.201812190825/tools/compiler/bin/../lib/gcc/arm-none-eabi/7.3.1/../../../../arm-none-eabi/lib/thumb/v7e-m/fpv4-sp/hard\libc_nano.a(lib_a-nano-mallocr.o) (_sbrk_r)
d:/ac6/systemworkbench/plugins/fr.ac6.mcu.externaltools.arm-none.win32_1.17.0.201812190825/tools/compiler/bin/../lib/gcc/arm-none-eabi/7.3.1/../../../../arm-none-eabi/lib/thumb/v7e-m/fpv4-sp/hard\libc_nano.a(lib_a-vsnprintf.o)
                              Src/stm32_printf.o (vsnprintf)
d:/ac6/systemworkbench/plugins/fr.ac6.mcu.externaltools.arm-none.win32_1.17.0.201812190825/tools/compiler/bin/../lib/gcc/arm-none-eabi/7.3.1/../../../../arm-none-eabi/lib/thumb/v7e-m/fpv4-sp/hard\libc_nano.a(lib_a-vsprintf.o)
                              Src/stm32_printf.o (vsprintf)
d:/ac6/systemworkbench/plugins/fr.ac6.mcu.externaltools.arm-none.win32_1.17.0.201812190825/tools/compiler/bin/../lib/gcc/arm-none-eabi/7.3.1/../../../../arm-none-eabi/lib/thumb/v7e-m/fpv4-sp/hard\libc_nano.a(lib_a-mlock.o)
[...]
Memory Configuration

Name             Origin             Length             Attributes
RAM              0x20000000         0x00003000         xrw
CCMRAM           0x10000000         0x00001000         rw
FLASH            0x08000000         0x00010000         xr
*default*        0x00000000         0xffffffff

Linker script and memory map

LOAD d:/ac6/systemworkbench/plugins/fr.ac6.mcu.externaltools.arm-none.win32_1.17.0.201812190825/tools/compiler/bin/../lib/gcc/arm-none-eabi/7.3.1/thumb/v7e-m/fpv4-sp/hard/crti.o
LOAD d:/ac6/systemworkbench/plugins/fr.ac6.mcu.externaltools.arm-none.win32_1.17.0.201812190825/tools/compiler/bin/../lib/gcc/arm-none-eabi/7.3.1/thumb/v7e-m/fpv4-sp/hard/crtbegin.o
LOAD d:/ac6/systemworkbench/plugins/fr.ac6.mcu.externaltools.arm-none.win32_1.17.0.201812190825/tools/compiler/bin/../lib/gcc/arm-none-eabi/7.3.1/../../../../arm-none-eabi/lib/thumb/v7e-m/fpv4-sp/hard/crt0.o
LOAD Drivers/STM32F3xx_HAL_Driver/Src/stm32f3xx_hal.o
LOAD Drivers/STM32F3xx_HAL_Driver/Src/stm32f3xx_hal_can.o
LOAD Drivers/STM32F3xx_HAL_Driver/Src/stm32f3xx_hal_cortex.o
LOAD Drivers/STM32F3xx_HAL_Driver/Src/stm32f3xx_hal_dma.o
LOAD Drivers/STM32F3xx_HAL_Driver/Src/stm32f3xx_hal_exti.o
LOAD Drivers/STM32F3xx_HAL_Driver/Src/stm32f3xx_hal_flash.o
LOAD Drivers/STM32F3xx_HAL_Driver/Src/stm32f3xx_hal_flash_ex.o
LOAD Drivers/STM32F3xx_HAL_Driver/Src/stm32f3xx_hal_gpio.o
LOAD Drivers/STM32F3xx_HAL_Driver/Src/stm32f3xx_hal_i2c.o
LOAD Drivers/STM32F3xx_HAL_Driver/Src/stm32f3xx_hal_i2c_ex.o
LOAD Drivers/STM32F3xx_HAL_Driver/Src/stm32f3xx_hal_pwr.o
LOAD Drivers/STM32F3xx_HAL_Driver/Src/stm32f3xx_hal_pwr_ex.o
LOAD Drivers/STM32F3xx_HAL_Driver/Src/stm32f3xx_hal_rcc.o
LOAD Drivers/STM32F3xx_HAL_Driver/Src/stm32f3xx_hal_rcc_ex.o
LOAD Drivers/STM32F3xx_HAL_Driver/Src/stm32f3xx_hal_tim.o
LOAD Drivers/STM32F3xx_HAL_Driver/Src/stm32f3xx_hal_tim_ex.o
LOAD Drivers/STM32F3xx_HAL_Driver/Src/stm32f3xx_hal_uart.o
LOAD Drivers/STM32F3xx_HAL_Driver/Src/stm32f3xx_hal_uart_ex.o
LOAD Src/can.o
LOAD Src/canmd_controller.o
LOAD Src/gpio.o
LOAD Src/main.o
LOAD Src/ps3.o
LOAD Src/stm32_printf.o
LOAD Src/stm32f3xx_hal_msp.o
LOAD Src/stm32f3xx_it.o
LOAD Src/stm32f4_easy_can.o
LOAD Src/syscalls.o
LOAD Src/system_stm32f3xx.o
LOAD Src/tim.o
LOAD Src/usart.o
LOAD startup/startup_stm32f303x8.o
LOAD d:/ac6/systemworkbench/plugins/fr.ac6.mcu.externaltools.arm-none.win32_1.17.0.201812190825/tools/compiler/bin/../lib/gcc/arm-none-eabi/7.3.1/../../../../arm-none-eabi/lib/thumb/v7e-m/fpv4-sp/hard\libm.a
START GROUP
LOAD d:/ac6/systemworkbench/plugins/fr.ac6.mcu.externaltools.arm-none.win32_1.17.0.201812190825/tools/compiler/bin/../lib/gcc/arm-none-eabi/7.3.1/thumb/v7e-m/fpv4-sp/hard\libgcc.a
LOAD d:/ac6/systemworkbench/plugins/fr.ac6.mcu.externaltools.arm-none.win32_1.17.0.201812190825/tools/compiler/bin/../lib/gcc/arm-none-eabi/7.3.1/../../../../arm-none-eabi/lib/thumb/v7e-m/fpv4-sp/hard\libc_nano.a
END GROUP
START GROUP
LOAD d:/ac6/systemworkbench/plugins/fr.ac6.mcu.externaltools.arm-none.win32_1.17.0.201812190825/tools/compiler/bin/../lib/gcc/arm-none-eabi/7.3.1/thumb/v7e-m/fpv4-sp/hard\libgcc.a
LOAD d:/ac6/systemworkbench/plugins/fr.ac6.mcu.externaltools.arm-none.win32_1.17.0.201812190825/tools/compiler/bin/../lib/gcc/arm-none-eabi/7.3.1/../../../../arm-none-eabi/lib/thumb/v7e-m/fpv4-sp/hard\libc_nano.a
LOAD d:/ac6/systemworkbench/plugins/fr.ac6.mcu.externaltools.arm-none.win32_1.17.0.201812190825/tools/compiler/bin/../lib/gcc/arm-none-eabi/7.3.1/../../../../arm-none-eabi/lib/thumb/v7e-m/fpv4-sp/hard\libnosys.a
END GROUP
START GROUP
LOAD d:/ac6/systemworkbench/plugins/fr.ac6.mcu.externaltools.arm-none.win32_1.17.0.201812190825/tools/compiler/bin/../lib/gcc/arm-none-eabi/7.3.1/thumb/v7e-m/fpv4-sp/hard\libgcc.a
LOAD d:/ac6/systemworkbench/plugins/fr.ac6.mcu.externaltools.arm-none.win32_1.17.0.201812190825/tools/compiler/bin/../lib/gcc/arm-none-eabi/7.3.1/../../../../arm-none-eabi/lib/thumb/v7e-m/fpv4-sp/hard\libc_nano.a
LOAD d:/ac6/systemworkbench/plugins/fr.ac6.mcu.externaltools.arm-none.win32_1.17.0.201812190825/tools/compiler/bin/../lib/gcc/arm-none-eabi/7.3.1/../../../../arm-none-eabi/lib/thumb/v7e-m/fpv4-sp/hard\libnosys.a
END GROUP
LOAD d:/ac6/systemworkbench/plugins/fr.ac6.mcu.externaltools.arm-none.win32_1.17.0.201812190825/tools/compiler/bin/../lib/gcc/arm-none-eabi/7.3.1/thumb/v7e-m/fpv4-sp/hard/crtend.o
LOAD d:/ac6/systemworkbench/plugins/fr.ac6.mcu.externaltools.arm-none.win32_1.17.0.201812190825/tools/compiler/bin/../lib/gcc/arm-none-eabi/7.3.1/thumb/v7e-m/fpv4-sp/hard/crtn.o
                0x20003000                _estack = 0x20003000
                0x00000200                _Min_Heap_Size = 0x200
                0x00000400                _Min_Stack_Size = 0x400

.isr_vector     0x08000000      0x188
                0x08000000                . = ALIGN (0x4)
 *(.isr_vector)
 .isr_vector    0x08000000      0x188 startup/startup_stm32f303x8.o
                0x08000000                g_pfnVectors
                0x08000188                . = ALIGN (0x4)

.text           0x08000188     0x37dc
                0x08000188                . = ALIGN (0x4)
 *(.text)
 .text          0x08000188       0x40 d:/ac6/systemworkbench/plugins/fr.ac6.mcu.externaltools.arm-none.win32_1.17.0.201812190825/tools/compiler/bin/../lib/gcc/arm-none-eabi/7.3.1/thumb/v7e-m/fpv4-sp/hard/crtbegin.o
 *(.text*)
 .text.HAL_InitTick
                0x080001c8       0x48 Drivers/STM32F3xx_HAL_Driver/Src/stm32f3xx_hal.o
                0x080001c8                HAL_InitTick
 .text.HAL_Init
                0x08000210       0x24 Drivers/STM32F3xx_HAL_Driver/Src/stm32f3xx_hal.o
                0x08000210                HAL_Init
 .text.HAL_IncTick
                0x08000234       0x18 Drivers/STM32F3xx_HAL_Driver/Src/stm32f3xx_hal.o
                0x08000234                HAL_IncTick
 .text.HAL_GetTick
                0x0800024c        0xc Drivers/STM32F3xx_HAL_Driver/Src/stm32f3xx_hal.o
                0x0800024c                HAL_GetTick
 .text.HAL_Delay
                0x08000258       0x28 Drivers/STM32F3xx_HAL_Driver/Src/stm32f3xx_hal.o
                0x08000258                HAL_Delay
 .text.HAL_CAN_Init
                0x08000280      0x14c Drivers/STM32F3xx_HAL_Driver/Src/stm32f3xx_hal_can.o
                0x08000280                HAL_CAN_Init
 .text.HAL_CAN_ConfigFilter
                0x080003cc       0xfc Drivers/STM32F3xx_HAL_Driver/Src/stm32f3xx_hal_can.o
                0x080003cc                HAL_CAN_ConfigFilter
 .text.HAL_CAN_Start
                0x080004c8       0x5c Drivers/STM32F3xx_HAL_Driver/Src/stm32f3xx_hal_can.o
                0x080004c8                HAL_CAN_Start
 .text.HAL_CAN_AddTxMessage
                0x08000524       0xea Drivers/STM32F3xx_HAL_Driver/Src/stm32f3xx_hal_can.o
                0x08000524                HAL_CAN_AddTxMessage
 .text.HAL_CAN_IsTxMessagePending
                0x0800060e       0x24 Drivers/STM32F3xx_HAL_Driver/Src/stm32f3xx_hal_can.o
                0x0800060e                HAL_CAN_IsTxMessagePending
 .text.HAL_CAN_GetRxMessage
                0x08000632      0x134 Drivers/STM32F3xx_HAL_Driver/Src/stm32f3xx_hal_can.o
                0x08000632                HAL_CAN_GetRxMessage
 .text.HAL_CAN_ActivateNotification
                0x08000766       0x24 Drivers/STM32F3xx_HAL_Driver/Src/stm32f3xx_hal_can.o
                0x08000766                HAL_CAN_ActivateNotification
 .text.HAL_CAN_TxMailbox0CompleteCallback
                0x0800078a        0x2 Drivers/STM32F3xx_HAL_Driver/Src/stm32f3xx_hal_can.o
                0x0800078a                HAL_CAN_TxMailbox0CompleteCallback
 .text.HAL_CAN_TxMailbox1CompleteCallback
                0x0800078c        0x2 Drivers/STM32F3xx_HAL_Driver/Src/stm32f3xx_hal_can.o
                0x0800078c                HAL_CAN_TxMailbox1CompleteCallback
 .text.HAL_CAN_TxMailbox2CompleteCallback
                0x0800078e        0x2 Drivers/STM32F3xx_HAL_Driver/Src/stm32f3xx_hal_can.o
                0x0800078e                HAL_CAN_TxMailbox2CompleteCallback
 .text.HAL_CAN_TxMailbox0AbortCallback
                0x08000790        0x2 Drivers/STM32F3xx_HAL_Driver/Src/stm32f3xx_hal_can.o
                0x08000790                HAL_CAN_TxMailbox0AbortCallback
 .text.HAL_CAN_TxMailbox1AbortCallback
                0x08000792        0x2 Drivers/STM32F3xx_HAL_Driver/Src/stm32f3xx_hal_can.o
                0x08000792                HAL_CAN_TxMailbox1AbortCallback
 .text.HAL_CAN_TxMailbox2AbortCallback
                0x08000794        0x2 Drivers/STM32F3xx_HAL_Driver/Src/stm32f3xx_hal_can.o
                0x08000794                HAL_CAN_TxMailbox2AbortCallback
 .text.HAL_CAN_RxFifo0FullCallback
                0x08000796        0x2 Drivers/STM32F3xx_HAL_Driver/Src/stm32f3xx_hal_can.o
                0x08000796                HAL_CAN_RxFifo0FullCallback
 .text.HAL_CAN_RxFifo1MsgPendingCallback
                0x08000798        0x2 Drivers/STM32F3xx_HAL_Driver/Src/stm32f3xx_hal_can.o
                0x08000798                HAL_CAN_RxFifo1MsgPendingCallback
 .text.HAL_CAN_RxFifo1FullCallback
                0x0800079a        0x2 Drivers/STM32F3xx_HAL_Driver/Src/stm32f3xx_hal_can.o
                0x0800079a                HAL_CAN_RxFifo1FullCallback
 .text.HAL_CAN_SleepCallback
                0x0800079c        0x2 Drivers/STM32F3xx_HAL_Driver/Src/stm32f3xx_hal_can.o
                0x0800079c                HAL_CAN_SleepCallback
 .text.HAL_CAN_WakeUpFromRxMsgCallback
                0x0800079e        0x2 Drivers/STM32F3xx_HAL_Driver/Src/stm32f3xx_hal_can.o
                0x0800079e                HAL_CAN_WakeUpFromRxMsgCallback
 .text.HAL_CAN_ErrorCallback
                0x080007a0        0x2 Drivers/STM32F3xx_HAL_Driver/Src/stm32f3xx_hal_can.o
                0x080007a0                HAL_CAN_ErrorCallback
 .text.HAL_CAN_IRQHandler
                0x080007a2      0x258 Drivers/STM32F3xx_HAL_Driver/Src/stm32f3xx_hal_can.o
                0x080007a2                HAL_CAN_IRQHandler
 *fill*         0x080009fa        0x2 
 .text.HAL_NVIC_SetPriorityGrouping
                0x080009fc       0x24 Drivers/STM32F3xx_HAL_Driver/Src/stm32f3xx_hal_cortex.o
                0x080009fc                HAL_NVIC_SetPriorityGrouping
 .text.HAL_NVIC_SetPriority
                0x08000a20       0x68 Drivers/STM32F3xx_HAL_Driver/Src/stm32f3xx_hal_cortex.o
                0x08000a20                HAL_NVIC_SetPriority
 .text.HAL_NVIC_EnableIRQ
                0x08000a88       0x1c Drivers/STM32F3xx_HAL_Driver/Src/stm32f3xx_hal_cortex.o
                0x08000a88                HAL_NVIC_EnableIRQ
 .text.HAL_SYSTICK_Config
                0x08000aa4       0x2c Drivers/STM32F3xx_HAL_Driver/Src/stm32f3xx_hal_cortex.o
                0x08000aa4                HAL_SYSTICK_Config
 .text.HAL_DMA_Abort
                0x08000ad0       0x44 Drivers/STM32F3xx_HAL_Driver/Src/stm32f3xx_hal_dma.o
                0x08000ad0                HAL_DMA_Abort
 .text.HAL_DMA_Abort_IT
                0x08000b14       0x4a Drivers/STM32F3xx_HAL_Driver/Src/stm32f3xx_hal_dma.o
                0x08000b14                HAL_DMA_Abort_IT
 *fill*         0x08000b5e        0x2 
 .text.HAL_GPIO_Init
                0x08000b60      0x188 Drivers/STM32F3xx_HAL_Driver/Src/stm32f3xx_hal_gpio.o
                0x08000b60                HAL_GPIO_Init
 .text.HAL_GPIO_WritePin
                0x08000ce8        0xa Drivers/STM32F3xx_HAL_Driver/Src/stm32f3xx_hal_gpio.o
                0x08000ce8                HAL_GPIO_WritePin
 *fill*         0x08000cf2        0x2 
 .text.HAL_RCC_OscConfig
                0x08000cf4      0x644 Drivers/STM32F3xx_HAL_Driver/Src/stm32f3xx_hal_rcc.o
                0x08000cf4                HAL_RCC_OscConfig
 .text.HAL_RCC_GetSysClockFreq
                0x08001338       0x70 Drivers/STM32F3xx_HAL_Driver/Src/stm32f3xx_hal_rcc.o
                0x08001338                HAL_RCC_GetSysClockFreq
 .text.HAL_RCC_ClockConfig
                0x080013a8      0x1a4 Drivers/STM32F3xx_HAL_Driver/Src/stm32f3xx_hal_rcc.o
                0x080013a8                HAL_RCC_ClockConfig
 .text.HAL_RCC_GetHCLKFreq
                0x0800154c        0xc Drivers/STM32F3xx_HAL_Driver/Src/stm32f3xx_hal_rcc.o
                0x0800154c                HAL_RCC_GetHCLKFreq
 .text.HAL_RCC_GetPCLK1Freq
                0x08001558       0x2c Drivers/STM32F3xx_HAL_Driver/Src/stm32f3xx_hal_rcc.o
                0x08001558                HAL_RCC_GetPCLK1Freq
 .text.HAL_RCC_GetPCLK2Freq
                0x08001584       0x2c Drivers/STM32F3xx_HAL_Driver/Src/stm32f3xx_hal_rcc.o
                0x08001584                HAL_RCC_GetPCLK2Freq
 .text.HAL_RCCEx_PeriphCLKConfig
                0x080015b0      0x198 Drivers/STM32F3xx_HAL_Driver/Src/stm32f3xx_hal_rcc_ex.o
                0x080015b0                HAL_RCCEx_PeriphCLKConfig
 .text.TIM_OC1_SetConfig
                0x08001748       0x8c Drivers/STM32F3xx_HAL_Driver/Src/stm32f3xx_hal_tim.o
 .text.TIM_OC3_SetConfig
                0x080017d4       0x7c Drivers/STM32F3xx_HAL_Driver/Src/stm32f3xx_hal_tim.o
 .text.TIM_OC4_SetConfig
                0x08001850       0x64 Drivers/STM32F3xx_HAL_Driver/Src/stm32f3xx_hal_tim.o
 .text.TIM_OC5_SetConfig
                0x080018b4       0x60 Drivers/STM32F3xx_HAL_Driver/Src/stm32f3xx_hal_tim.o
 .text.TIM_OC6_SetConfig
                0x08001914       0x64 Drivers/STM32F3xx_HAL_Driver/Src/stm32f3xx_hal_tim.o
 .text.TIM_TI1_ConfigInputStage
                0x08001978       0x26 Drivers/STM32F3xx_HAL_Driver/Src/stm32f3xx_hal_tim.o
 .text.TIM_TI2_ConfigInputStage
                0x0800199e       0x28 Drivers/STM32F3xx_HAL_Driver/Src/stm32f3xx_hal_tim.o
 .text.TIM_ITRx_SetConfig
                0x080019c6       0x10 Drivers/STM32F3xx_HAL_Driver/Src/stm32f3xx_hal_tim.o
 *fill*         0x080019d6        0x2 
 .text.HAL_TIM_Base_Start_IT
                0x080019d8       0x74 Drivers/STM32F3xx_HAL_Driver/Src/stm32f3xx_hal_tim.o
                0x080019d8                HAL_TIM_Base_Start_IT
 .text.HAL_TIM_OC_DelayElapsedCallback
                0x08001a4c        0x2 Drivers/STM32F3xx_HAL_Driver/Src/stm32f3xx_hal_tim.o
                0x08001a4c                HAL_TIM_OC_DelayElapsedCallback
 .text.HAL_TIM_IC_CaptureCallback
                0x08001a4e        0x2 Drivers/STM32F3xx_HAL_Driver/Src/stm32f3xx_hal_tim.o
                0x08001a4e                HAL_TIM_IC_CaptureCallback
 .text.HAL_TIM_PWM_PulseFinishedCallback
                0x08001a50        0x2 Drivers/STM32F3xx_HAL_Driver/Src/stm32f3xx_hal_tim.o
                0x08001a50                HAL_TIM_PWM_PulseFinishedCallback
 .text.HAL_TIM_TriggerCallback
                0x08001a52        0x2 Drivers/STM32F3xx_HAL_Driver/Src/stm32f3xx_hal_tim.o
                0x08001a52                HAL_TIM_TriggerCallback
 .text.HAL_TIM_IRQHandler
                0x08001a54      0x19a Drivers/STM32F3xx_HAL_Driver/Src/stm32f3xx_hal_tim.o
                0x08001a54                HAL_TIM_IRQHandler
 *fill*         0x08001bee        0x2 
 .text.TIM_Base_SetConfig
                0x08001bf0       0x90 Drivers/STM32F3xx_HAL_Driver/Src/stm32f3xx_hal_tim.o
                0x08001bf0                TIM_Base_SetConfig
 .text.HAL_TIM_Base_Init
                0x08001c80       0x5e Drivers/STM32F3xx_HAL_Driver/Src/stm32f3xx_hal_tim.o
                0x08001c80                HAL_TIM_Base_Init
 .text.HAL_TIM_PWM_Init
                0x08001cde       0x5e Drivers/STM32F3xx_HAL_Driver/Src/stm32f3xx_hal_tim.o
                0x08001cde                HAL_TIM_PWM_Init
 .text.TIM_OC2_SetConfig
                0x08001d3c       0x80 Drivers/STM32F3xx_HAL_Driver/Src/stm32f3xx_hal_tim.o
                0x08001d3c                TIM_OC2_SetConfig
 .text.HAL_TIM_PWM_ConfigChannel
                0x08001dbc      0x128 Drivers/STM32F3xx_HAL_Driver/Src/stm32f3xx_hal_tim.o
                0x08001dbc                HAL_TIM_PWM_ConfigChannel
 .text.TIM_ETR_SetConfig
                0x08001ee4       0x18 Drivers/STM32F3xx_HAL_Driver/Src/stm32f3xx_hal_tim.o
                0x08001ee4                TIM_ETR_SetConfig
 .text.HAL_TIM_ConfigClockSource
                0x08001efc       0xdc Drivers/STM32F3xx_HAL_Driver/Src/stm32f3xx_hal_tim.o
                0x08001efc                HAL_TIM_ConfigClockSource
 .text.TIM_CCxChannelCmd
                0x08001fd8       0x22 Drivers/STM32F3xx_HAL_Driver/Src/stm32f3xx_hal_tim.o
                0x08001fd8                TIM_CCxChannelCmd
 *fill*         0x08001ffa        0x2 
 .text.HAL_TIM_PWM_Start
                0x08001ffc      0x14c Drivers/STM32F3xx_HAL_Driver/Src/stm32f3xx_hal_tim.o
                0x08001ffc                HAL_TIM_PWM_Start
 .text.HAL_TIMEx_MasterConfigSynchronization
                0x08002148       0x78 Drivers/STM32F3xx_HAL_Driver/Src/stm32f3xx_hal_tim_ex.o
                0x08002148                HAL_TIMEx_MasterConfigSynchronization
 .text.HAL_TIMEx_CommutCallback
                0x080021c0        0x2 Drivers/STM32F3xx_HAL_Driver/Src/stm32f3xx_hal_tim_ex.o
                0x080021c0                HAL_TIMEx_CommutCallback
 .text.HAL_TIMEx_BreakCallback
                0x080021c2        0x2 Drivers/STM32F3xx_HAL_Driver/Src/stm32f3xx_hal_tim_ex.o
                0x080021c2                HAL_TIMEx_BreakCallback
 .text.HAL_TIMEx_Break2Callback
                0x080021c4        0x2 Drivers/STM32F3xx_HAL_Driver/Src/stm32f3xx_hal_tim_ex.o
                0x080021c4                HAL_TIMEx_Break2Callback
 .text.UART_EndRxTransfer
                0x080021c6       0x32 Drivers/STM32F3xx_HAL_Driver/Src/stm32f3xx_hal_uart.o
 .text.HAL_UART_TxCpltCallback
                0x080021f8        0x2 Drivers/STM32F3xx_HAL_Driver/Src/stm32f3xx_hal_uart.o
                0x080021f8                HAL_UART_TxCpltCallback
 .text.UART_EndTransmit_IT
                0x080021fa       0x1a Drivers/STM32F3xx_HAL_Driver/Src/stm32f3xx_hal_uart.o
 .text.HAL_UART_ErrorCallback
                0x08002214        0x2 Drivers/STM32F3xx_HAL_Driver/Src/stm32f3xx_hal_uart.o
                0x08002214                HAL_UART_ErrorCallback
 .text.UART_DMAAbortOnError
                0x08002216       0x14 Drivers/STM32F3xx_HAL_Driver/Src/stm32f3xx_hal_uart.o
 .text.HAL_UARTEx_RxEventCallback
                0x0800222a        0x2 Drivers/STM32F3xx_HAL_Driver/Src/stm32f3xx_hal_uart.o
                0x0800222a                HAL_UARTEx_RxEventCallback
 .text.HAL_UART_IRQHandler
                0x0800222c      0x274 Drivers/STM32F3xx_HAL_Driver/Src/stm32f3xx_hal_uart.o
                0x0800222c                HAL_UART_IRQHandler
 .text.UART_RxISR_8BIT
                0x080024a0       0x82 Drivers/STM32F3xx_HAL_Driver/Src/stm32f3xx_hal_uart.o
 .text.UART_RxISR_16BIT
                0x08002522       0x80 Drivers/STM32F3xx_HAL_Driver/Src/stm32f3xx_hal_uart.o
 *fill*         0x080025a2        0x2 
 .text.UART_SetConfig
                0x080025a4      0x16c Drivers/STM32F3xx_HAL_Driver/Src/stm32f3xx_hal_uart.o
                0x080025a4                UART_SetConfig
 .text.UART_AdvFeatureConfig
                0x08002710       0xca Drivers/STM32F3xx_HAL_Driver/Src/stm32f3xx_hal_uart.o
                0x08002710                UART_AdvFeatureConfig
 .text.UART_WaitOnFlagUntilTimeout
                0x080027da       0x9e Drivers/STM32F3xx_HAL_Driver/Src/stm32f3xx_hal_uart.o
                0x080027da                UART_WaitOnFlagUntilTimeout
 .text.UART_CheckIdleState
                0x08002878       0x70 Drivers/STM32F3xx_HAL_Driver/Src/stm32f3xx_hal_uart.o
                0x08002878                UART_CheckIdleState
 .text.HAL_UART_Init
                0x080028e8       0x62 Drivers/STM32F3xx_HAL_Driver/Src/stm32f3xx_hal_uart.o
                0x080028e8                HAL_UART_Init
 *fill*         0x0800294a        0x2 
 .text.UART_Start_Receive_IT
                0x0800294c       0xac Drivers/STM32F3xx_HAL_Driver/Src/stm32f3xx_hal_uart.o
                0x0800294c                UART_Start_Receive_IT
 .text.HAL_UART_Receive_IT
                0x080029f8       0x46 Drivers/STM32F3xx_HAL_Driver/Src/stm32f3xx_hal_uart.o
                0x080029f8                HAL_UART_Receive_IT
 .text.HAL_UARTEx_WakeupCallback
                0x08002a3e        0x2 Drivers/STM32F3xx_HAL_Driver/Src/stm32f3xx_hal_uart_ex.o
                0x08002a3e                HAL_UARTEx_WakeupCallback
 .text.MX_CAN_Init
                0x08002a40       0x40 Src/can.o
                0x08002a40                MX_CAN_Init
 .text.HAL_CAN_MspInit
                0x08002a80       0x78 Src/can.o
                0x08002a80                HAL_CAN_MspInit
 .text.canmd_controller_init
                0x08002af8       0x28 Src/canmd_controller.o
                0x08002af8                canmd_controller_init
 .text.is_appropriate_md_id
                0x08002b20        0xe Src/canmd_controller.o
                0x08002b20                is_appropriate_md_id
 *fill*         0x08002b2e        0x2 
 .text.canmd_controller_set_motor_control_data
                0x08002b30       0x3c Src/canmd_controller.o
                0x08002b30                canmd_controller_set_motor_control_data
 .text.canmd_controller_get_encoder_count
                0x08002b6c       0x2c Src/canmd_controller.o
                0x08002b6c                canmd_controller_get_encoder_count
 .text.canmd_controller_get_can_transmit_data
                0x08002b98       0x48 Src/canmd_controller.o
                0x08002b98                canmd_controller_get_can_transmit_data
 .text.MX_GPIO_Init
                0x08002be0       0x94 Src/gpio.o
                0x08002be0                MX_GPIO_Init
 .text.SystemClock_Config
                0x08002c74       0x68 Src/main.o
                0x08002c74                SystemClock_Config
 .text.HAL_UART_RxCpltCallback
                0x08002cdc       0x2c Src/main.o
                0x08002cdc                HAL_UART_RxCpltCallback
 .text.canmd_status_set_data
                0x08002d08       0x34 Src/main.o
                0x08002d08                canmd_status_set_data
 .text.main     0x08002d3c      0x124 Src/main.o
                0x08002d3c                main
 .text.HAL_TIM_PeriodElapsedCallback
                0x08002e60      0x208 Src/main.o
                0x08002e60                HAL_TIM_PeriodElapsedCallback
 .text.Error_Handler
                0x08003068        0x2 Src/main.o
                0x08003068                Error_Handler
 *fill*         0x0800306a        0x2 
 .text.ps3_clear
                0x0800306c       0x30 Src/ps3.o
                0x0800306c                ps3_clear
 .text.ps3_init
                0x0800309c       0x18 Src/ps3.o
                0x0800309c                ps3_init
 .text.ps3_uart_interrupt_routine
                0x080030b4      0x148 Src/ps3.o
                0x080030b4                ps3_uart_interrupt_routine
 .text.ps3_get_data
                0x080031fc       0x1c Src/ps3.o
                0x080031fc                ps3_get_data
 .text.stm32_printf_init
                0x08003218        0xc Src/stm32_printf.o
                0x08003218                stm32_printf_init
 .text.HAL_MspInit
                0x08003224       0x30 Src/stm32f3xx_hal_msp.o
                0x08003224                HAL_MspInit
 .text.NMI_Handler
                0x08003254        0x2 Src/stm32f3xx_it.o
                0x08003254                NMI_Handler
 .text.HardFault_Handler
                0x08003256        0x2 Src/stm32f3xx_it.o
                0x08003256                HardFault_Handler
 .text.MemManage_Handler
                0x08003258        0x2 Src/stm32f3xx_it.o
                0x08003258                MemManage_Handler
 .text.BusFault_Handler
                0x0800325a        0x2 Src/stm32f3xx_it.o
                0x0800325a                BusFault_Handler
 .text.UsageFault_Handler
                0x0800325c        0x2 Src/stm32f3xx_it.o
                0x0800325c                UsageFault_Handler
 .text.SVC_Handler
                0x0800325e        0x2 Src/stm32f3xx_it.o
                0x0800325e                SVC_Handler
 .text.DebugMon_Handler
                0x08003260        0x2 Src/stm32f3xx_it.o
                0x08003260                DebugMon_Handler
 .text.PendSV_Handler
                0x08003262        0x2 Src/stm32f3xx_it.o
                0x08003262                PendSV_Handler
 .text.SysTick_Handler
                0x08003264        0x8 Src/stm32f3xx_it.o
                0x08003264                SysTick_Handler
 .text.CAN_RX0_IRQHandler
                0x0800326c       0x10 Src/stm32f3xx_it.o
                0x0800326c                CAN_RX0_IRQHandler
 .text.TIM1_BRK_TIM15_IRQHandler
                0x0800327c       0x10 Src/stm32f3xx_it.o
                0x0800327c                TIM1_BRK_TIM15_IRQHandler
 .text.TIM1_UP_TIM16_IRQHandler
                0x0800328c       0x10 Src/stm32f3xx_it.o
                0x0800328c                TIM1_UP_TIM16_IRQHandler
 .text.TIM1_TRG_COM_TIM17_IRQHandler
                0x0800329c       0x10 Src/stm32f3xx_it.o
                0x0800329c                TIM1_TRG_COM_TIM17_IRQHandler
 .text.TIM1_CC_IRQHandler
                0x080032ac       0x10 Src/stm32f3xx_it.o
                0x080032ac                TIM1_CC_IRQHandler
 .text.TIM3_IRQHandler
                0x080032bc       0x10 Src/stm32f3xx_it.o
                0x080032bc                TIM3_IRQHandler
 .text.USART2_IRQHandler
                0x080032cc       0x10 Src/stm32f3xx_it.o
                0x080032cc                USART2_IRQHandler
 .text.TIM6_DAC1_IRQHandler
                0x080032dc       0x10 Src/stm32f3xx_it.o
                0x080032dc                TIM6_DAC1_IRQHandler
 .text.TIM7_DAC2_IRQHandler
                0x080032ec       0x10 Src/stm32f3xx_it.o
                0x080032ec                TIM7_DAC2_IRQHandler
 .text.stm32f4_easy_can_init
                0x080032fc       0x5c Src/stm32f4_easy_can.o
                0x080032fc                stm32f4_easy_can_init
 .text.stm32f4_easy_can_transmit_message
                0x08003358       0x58 Src/stm32f4_easy_can.o
                0x08003358                stm32f4_easy_can_transmit_message
 .text.stm32f4_easy_can_interrupt_handler
                0x080033b0        0x2 Src/stm32f4_easy_can.o
                0x080033b0                stm32f4_easy_can_interrupt_handler
 *fill*         0x080033b2        0x2 
 .text.HAL_CAN_RxFifo0MsgPendingCallback
                0x080033b4       0x4c Src/stm32f4_easy_can.o
                0x080033b4                HAL_CAN_RxFifo0MsgPendingCallback
 .text.SystemInit
                0x08003400       0x68 Src/system_stm32f3xx.o
                0x08003400                SystemInit
 .text.MX_TIM1_Init
                0x08003468       0x78 Src/tim.o
                0x08003468                MX_TIM1_Init
 .text.MX_TIM6_Init
                0x080034e0       0x50 Src/tim.o
                0x080034e0                MX_TIM6_Init
 .text.MX_TIM7_Init
                0x08003530       0x50 Src/tim.o
                0x08003530                MX_TIM7_Init
 .text.HAL_TIM_Base_MspInit
                0x08003580       0xd0 Src/tim.o
                0x08003580                HAL_TIM_Base_MspInit
 .text.HAL_TIM_PWM_MspInit
                0x08003650       0x40 Src/tim.o
                0x08003650                HAL_TIM_PWM_MspInit
 .text.HAL_TIM_MspPostInit
                0x08003690       0x5c Src/tim.o
                0x08003690                HAL_TIM_MspPostInit
 .text.MX_TIM3_Init
                0x080036ec       0x7c Src/tim.o
                0x080036ec                MX_TIM3_Init
 .text.MX_USART1_UART_Init
                0x08003768       0x38 Src/usart.o
                0x08003768                MX_USART1_UART_Init
 .text.MX_USART2_UART_Init
                0x080037a0       0x38 Src/usart.o
                0x080037a0                MX_USART2_UART_Init
 .text.HAL_UART_MspInit
                0x080037d8       0xc8 Src/usart.o
                0x080037d8                HAL_UART_MspInit
 .text.Reset_Handler
                0x080038a0       0x50 startup/startup_stm32f303x8.o
                0x080038a0                Reset_Handler
 .text.Default_Handler
                0x080038f0        0x2 startup/startup_stm32f303x8.o
                0x080038f0                RTC_Alarm_IRQHandler
                0x080038f0                PVD_IRQHandler
                0x080038f0                TAMP_STAMP_IRQHandler
                0x080038f0                EXTI3_IRQHandler
                0x080038f0                EXTI0_IRQHandler
                0x080038f0                FPU_IRQHandler
                0x080038f0                CAN_TX_IRQHandler
                0x080038f0                ADC1_2_IRQHandler
                0x080038f0                SPI1_IRQHandler
                0x080038f0                CAN_SCE_IRQHandler
                0x080038f0                DMA1_Channel4_IRQHandler
                0x080038f0                USART3_IRQHandler
                0x080038f0                DMA1_Channel7_IRQHandler
                0x080038f0                CAN_RX1_IRQHandler
                0x080038f0                I2C1_EV_IRQHandler
                0x080038f0                DMA1_Channel6_IRQHandler
                0x080038f0                RCC_IRQHandler
                0x080038f0                DMA1_Channel1_IRQHandler
                0x080038f0                Default_Handler
                0x080038f0                EXTI15_10_IRQHandler
                0x080038f0                COMP2_IRQHandler
                0x080038f0                EXTI9_5_IRQHandler
                0x080038f0                RTC_WKUP_IRQHandler
                0x080038f0                DMA1_Channel5_IRQHandler
                0x080038f0                EXTI4_IRQHandler
                0x080038f0                DMA1_Channel3_IRQHandler
                0x080038f0                WWDG_IRQHandler
                0x080038f0                TIM2_IRQHandler
                0x080038f0                EXTI1_IRQHandler
                0x080038f0                COMP4_6_IRQHandler
                0x080038f0                DMA1_Channel2_IRQHandler
                0x080038f0                FLASH_IRQHandler
                0x080038f0                USART1_IRQHandler
                0x080038f0                I2C1_ER_IRQHandler
                0x080038f0                EXTI2_TSC_IRQHandler
 *fill*         0x080038f2        0x2 
 .text.__libc_init_array
                0x080038f4       0x48 d:/ac6/systemworkbench/plugins/fr.ac6.mcu.externaltools.arm-none.win32_1.17.0.201812190825/tools/compiler/bin/../lib/gcc/arm-none-eabi/7.3.1/../../../../arm-none-eabi/lib/thumb/v7e-m/fpv4-sp/hard\libc_nano.a(lib_a-init.o)
                0x080038f4                __libc_init_array
 .text.memset   0x0800393c       0x10 d:/ac6/systemworkbench/plugins/fr.ac6.mcu.externaltools.arm-none.win32_1.17.0.201812190825/tools/compiler/bin/../lib/gcc/arm-none-eabi/7.3.1/../../../../arm-none-eabi/lib/thumb/v7e-m/fpv4-sp/hard\libc_nano.a(lib_a-memset.o)
                0x0800393c                memset
 *(.glue_7)
 .glue_7        0x0800394c        0x0 linker stubs
 *(.glue_7t)
 .glue_7t       0x0800394c        0x0 linker stubs
 *(.eh_frame)
 .eh_frame      0x0800394c        0x0 d:/ac6/systemworkbench/plugins/fr.ac6.mcu.externaltools.arm-none.win32_1.17.0.201812190825/tools/compiler/bin/../lib/gcc/arm-none-eabi/7.3.1/thumb/v7e-m/fpv4-sp/hard/crtbegin.o
 *(.init)
 .init          0x0800394c        0x4 d:/ac6/systemworkbench/plugins/fr.ac6.mcu.externaltools.arm-none.win32_1.17.0.201812190825/tools/compiler/bin/../lib/gcc/arm-none-eabi/7.3.1/thumb/v7e-m/fpv4-sp/hard/crti.o
                0x0800394c                _init
 .init          0x08003950        0x8 d:/ac6/systemworkbench/plugins/fr.ac6.mcu.externaltools.arm-none.win32_1.17.0.201812190825/tools/compiler/bin/../lib/gcc/arm-none-eabi/7.3.1/thumb/v7e-m/fpv4-sp/hard/crtn.o
 *(.fini)
 .fini          0x08003958        0x4 d:/ac6/systemworkbench/plugins/fr.ac6.mcu.externaltools.arm-none.win32_1.17.0.201812190825/tools/compiler/bin/../lib/gcc/arm-none-eabi/7.3.1/thumb/v7e-m/fpv4-sp/hard/crti.o
                0x08003958                _fini
 .fini          0x0800395c        0x8 d:/ac6/systemworkbench/plugins/fr.ac6.mcu.externaltools.arm-none.win32_1.17.0.201812190825/tools/compiler/bin/../lib/gcc/arm-none-eabi/7.3.1/thumb/v7e-m/fpv4-sp/hard/crtn.o
                0x08003964                . = ALIGN (0x4)
                0x08003964                _etext = .

.vfp11_veneer   0x08003964        0x0
 .vfp11_veneer  0x08003964        0x0 linker stubs

.v4_bx          0x08003964        0x0
 .v4_bx         0x08003964        0x0 linker stubs

.iplt           0x08003964        0x0
 .iplt          0x08003964        0x0 d:/ac6/systemworkbench/plugins/fr.ac6.mcu.externaltools.arm-none.win32_1.17.0.201812190825/tools/compiler/bin/../lib/gcc/arm-none-eabi/7.3.1/thumb/v7e-m/fpv4-sp/hard/crtbegin.o

.rodata         0x08003964       0x38
                0x08003964                . = ALIGN (0x4)
 *(.rodata)
 .rodata        0x08003964       0x20 Drivers/STM32F3xx_HAL_Driver/Src/stm32f3xx_hal_rcc.o
                0x08003964                aPLLMULFactorTable
                0x08003974                aPredivFactorTable
 .rodata        0x08003984       0x18 Src/system_stm32f3xx.o
                0x08003984                AHBPrescTable
                0x08003994                APBPrescTable
 *(.rodata*)
                0x0800399c                . = ALIGN (0x4)

.rel.dyn        0x0800399c        0x0
 .rel.iplt      0x0800399c        0x0 d:/ac6/systemworkbench/plugins/fr.ac6.mcu.externaltools.arm-none.win32_1.17.0.201812190825/tools/compiler/bin/../lib/gcc/arm-none-eabi/7.3.1/thumb/v7e-m/fpv4-sp/hard/crtbegin.o

.ARM.extab
 *(.ARM.extab* .gnu.linkonce.armextab.*)

.ARM            0x0800399c        0x0
                0x0800399c                __exidx_start = .
 *(.ARM.exidx*)
                0x0800399c                __exidx_end = .

.preinit_array  0x0800399c        0x0
                0x0800399c                PROVIDE (__preinit_array_start = .)
 *(.preinit_array*)
                0x0800399c                PROVIDE (__preinit_array_end = .)

.init_array     0x0800399c        0x4
                0x0800399c                PROVIDE (__init_array_start = .)
 *(SORT_BY_NAME(.init_array.*))
 *(.init_array*)
 .init_array    0x0800399c        0x4 d:/ac6/systemworkbench/plugins/fr.ac6.mcu.externaltools.arm-none.win32_1.17.0.201812190825/tools/compiler/bin/../lib/gcc/arm-none-eabi/7.3.1/thumb/v7e-m/fpv4-sp/hard/crtbegin.o
                0x080039a0                PROVIDE (__init_array_end = .)

.fini_array     0x080039a0        0x4
                [!provide]                PROVIDE (__fini_array_start = .)
 *(SORT_BY_NAME(.fini_array.*))
 *(.fini_array*)
 .fini_array    0x080039a0        0x4 d:/ac6/systemworkbench/plugins/fr.ac6.mcu.externaltools.arm-none.win32_1.17.0.201812190825/tools/compiler/bin/../lib/gcc/arm-none-eabi/7.3.1/thumb/v7e-m/fpv4-sp/hard/crtbegin.o
                [!provide]                PROVIDE (__fini_array_end = .)
                0x080039a4                _sidata = LOADADDR (.data)

.data           0x20000000       0x10 load address 0x080039a4
                0x20000000                . = ALIGN (0x4)
                0x20000000                _sdata = .
 *(.data)
 .data          0x20000000        0x8 Drivers/STM32F3xx_HAL_Driver/Src/stm32f3xx_hal.o
                0x20000000                uwTickFreq
                0x20000004                uwTickPrio
 .data          0x20000008        0x4 Src/stm32f4_easy_can.o
 .data          0x2000000c        0x4 Src/system_stm32f3xx.o
                0x2000000c                SystemCoreClock
 *(.data*)
                0x20000010                . = ALIGN (0x4)
                0x20000010                _edata = .
                0x080039b4                _siccmram = LOADADDR (.ccmram)

.igot.plt       0x20000010        0x0 load address 0x080039b4
 .igot.plt      0x20000010        0x0 d:/ac6/systemworkbench/plugins/fr.ac6.mcu.externaltools.arm-none.win32_1.17.0.201812190825/tools/compiler/bin/../lib/gcc/arm-none-eabi/7.3.1/thumb/v7e-m/fpv4-sp/hard/crtbegin.o

.ccmram         0x10000000        0x0 load address 0x080039b4
                0x10000000                . = ALIGN (0x4)
                0x10000000                _sccmram = .
 *(.ccmram)
 *(.ccmram*)
                0x10000000                . = ALIGN (0x4)
                0x10000000                _eccmram = .
                0x10000000                . = ALIGN (0x4)

.bss            0x20000010      0x340
                0x20000010                _sbss = .
                0x20000010                __bss_start__ = _sbss
 *(.bss)
 .bss           0x20000010       0x1c d:/ac6/systemworkbench/plugins/fr.ac6.mcu.externaltools.arm-none.win32_1.17.0.201812190825/tools/compiler/bin/../lib/gcc/arm-none-eabi/7.3.1/thumb/v7e-m/fpv4-sp/hard/crtbegin.o
 .bss           0x2000002c       0x54 Src/canmd_controller.o
 .bss           0x20000080       0x1c Src/main.o
                0x20000088                ST04
                0x2000008c                mode
                0x20000090                stop
                0x20000094                x
                0x20000098                i
 .bss           0x2000009c       0x2c Src/ps3.o
 .bss           0x200000c8        0x4 Src/stm32_printf.o
 .bss           0x200000cc       0x14 Src/stm32f4_easy_can.o
 *(.bss*)
 *(COMMON)
 COMMON         0x200000e0        0x4 Drivers/STM32F3xx_HAL_Driver/Src/stm32f3xx_hal.o
                0x200000e0                uwTick
 COMMON         0x200000e4       0x28 Src/can.o
                0x200000e4                hcan
 COMMON         0x2000010c        0xc Src/main.o
                0x2000010c                ST02
                0x20000110                ST03
                0x20000114                ST01
 COMMON         0x20000118      0x130 Src/tim.o
                0x20000118                htim3
                0x20000164                htim6
                0x200001b0                htim1
                0x200001fc                htim7
 COMMON         0x20000248      0x108 Src/usart.o
                0x20000248                huart1
                0x200002cc                huart2
                0x20000350                . = ALIGN (0x4)
                0x20000350                _ebss = .
                0x20000350                __bss_end__ = _ebss

._user_heap_stack
                0x20000350      0x600
                0x20000350                . = ALIGN (0x8)
                0x20000350                PROVIDE (end = .)
                [!provide]                PROVIDE (_end = .)
                0x20000550                . = (. + _Min_Heap_Size)
 *fill*         0x20000350      0x200 
                0x20000950                . = (. + _Min_Stack_Size)
 *fill*         0x20000550      0x400 
                0x20000950                . = ALIGN (0x8)

/DISCARD/
 libc.a(*)
 libm.a(*)
 libgcc.a(*)

.ARM.attributes
                0x00000000       0x30
 *(.ARM.attributes)
 .ARM.attributes
                0x00000000       0x22 d:/ac6/systemworkbench/plugins/fr.ac6.mcu.externaltools.arm-none.win32_1.17.0.201812190825/tools/compiler/bin/../lib/gcc/arm-none-eabi/7.3.1/thumb/v7e-m/fpv4-sp/hard/crti.o
 .ARM.attributes
                0x00000022       0x34 d:/ac6/systemworkbench/plugins/fr.ac6.mcu.externaltools.arm-none.win32_1.17.0.201812190825/tools/compiler/bin/../lib/gcc/arm-none-eabi/7.3.1/thumb/v7e-m/fpv4-sp/hard/crtbegin.o
 .ARM.attributes
                0x00000056       0x39 Drivers/STM32F3xx_HAL_Driver/Src/stm32f3xx_hal.o
 .ARM.attributes
                0x0000008f       0x39 Drivers/STM32F3xx_HAL_Driver/Src/stm32f3xx_hal_can.o
 .ARM.attributes
                0x000000c8       0x39 Drivers/STM32F3xx_HAL_Driver/Src/stm32f3xx_hal_cortex.o
 .ARM.attributes
                0x00000101       0x39 Drivers/STM32F3xx_HAL_Driver/Src/stm32f3xx_hal_dma.o
 .ARM.attributes
                0x0000013a       0x39 Drivers/STM32F3xx_HAL_Driver/Src/stm32f3xx_hal_gpio.o
 .ARM.attributes
                0x00000173       0x39 Drivers/STM32F3xx_HAL_Driver/Src/stm32f3xx_hal_rcc.o
 .ARM.attributes
                0x000001ac       0x39 Drivers/STM32F3xx_HAL_Driver/Src/stm32f3xx_hal_rcc_ex.o
 .ARM.attributes
                0x000001e5       0x39 Drivers/STM32F3xx_HAL_Driver/Src/stm32f3xx_hal_tim.o
 .ARM.attributes
                0x0000021e       0x39 Drivers/STM32F3xx_HAL_Driver/Src/stm32f3xx_hal_tim_ex.o
 .ARM.attributes
                0x00000257       0x39 Drivers/STM32F3xx_HAL_Driver/Src/stm32f3xx_hal_uart.o
 .ARM.attributes
                0x00000290       0x39 Drivers/STM32F3xx_HAL_Driver/Src/stm32f3xx_hal_uart_ex.o
 .ARM.attributes
                0x000002c9       0x39 Src/can.o
 .ARM.attributes
                0x00000302       0x39 Src/canmd_controller.o
 .ARM.attributes
                0x0000033b       0x39 Src/gpio.o
 .ARM.attributes
                0x00000374       0x39 Src/main.o
 .ARM.attributes
                0x000003ad       0x39 Src/ps3.o
 .ARM.attributes
                0x000003e6       0x39 Src/stm32_printf.o
 .ARM.attributes
                0x0000041f       0x39 Src/stm32f3xx_hal_msp.o
 .ARM.attributes
                0x00000458       0x39 Src/stm32f3xx_it.o
 .ARM.attributes
                0x00000491       0x39 Src/stm32f4_easy_can.o
 .ARM.attributes
                0x000004ca       0x39 Src/system_stm32f3xx.o
 .ARM.attributes
                0x00000503       0x39 Src/tim.o
 .ARM.attributes
                0x0000053c       0x39 Src/usart.o
 .ARM.attributes
                0x00000575       0x21 startup/startup_stm32f303x8.o
 .ARM.attributes
                0x00000596       0x34 d:/ac6/systemworkbench/plugins/fr.ac6.mcu.externaltools.arm-none.win32_1.17.0.201812190825/tools/compiler/bin/../lib/gcc/arm-none-eabi/7.3.1/../../../../arm-none-eabi/lib/thumb/v7e-m/fpv4-sp/hard\libc_nano.a(lib_a-init.o)
 .ARM.attributes
                0x000005ca       0x34 d:/ac6/systemworkbench/plugins/fr.ac6.mcu.externaltools.arm-none.win32_1.17.0.201812190825/tools/compiler/bin/../lib/gcc/arm-none-eabi/7.3.1/../../../../arm-none-eabi/lib/thumb/v7e-m/fpv4-sp/hard\libc_nano.a(lib_a-memset.o)
 .ARM.attributes
                0x000005fe       0x22 d:/ac6/systemworkbench/plugins/fr.ac6.mcu.externaltools.arm-none.win32_1.17.0.201812190825/tools/compiler/bin/../lib/gcc/arm-none-eabi/7.3.1/thumb/v7e-m/fpv4-sp/hard/crtn.o
OUTPUT(Tsuyama.elf elf32-littlearm)

.debug_info     0x00000000    0x14633
 .debug_info    0x00000000      0x804 Drivers/STM32F3xx_HAL_Driver/Src/stm32f3xx_hal.o
 .debug_info    0x00000804     0x112b Drivers/STM32F3xx_HAL_Driver/Src/stm32f3xx_hal_can.o
 .debug_info    0x0000192f      0xcb9 Drivers/STM32F3xx_HAL_Driver/Src/stm32f3xx_hal_cortex.o
 .debug_info    0x000025e8      0x881 Drivers/STM32F3xx_HAL_Driver/Src/stm32f3xx_hal_dma.o
 .debug_info    0x00002e69      0x7c9 Drivers/STM32F3xx_HAL_Driver/Src/stm32f3xx_hal_gpio.o
 .debug_info    0x00003632     0x1471 Drivers/STM32F3xx_HAL_Driver/Src/stm32f3xx_hal_rcc.o
 .debug_info    0x00004aa3      0x681 Drivers/STM32F3xx_HAL_Driver/Src/stm32f3xx_hal_rcc_ex.o
 .debug_info    0x00005124     0x36a8 Drivers/STM32F3xx_HAL_Driver/Src/stm32f3xx_hal_tim.o
 .debug_info    0x000087cc     0x1867 Drivers/STM32F3xx_HAL_Driver/Src/stm32f3xx_hal_tim_ex.o
 .debug_info    0x0000a033     0x1d09 Drivers/STM32F3xx_HAL_Driver/Src/stm32f3xx_hal_uart.o
 .debug_info    0x0000bd3c      0xb69 Drivers/STM32F3xx_HAL_Driver/Src/stm32f3xx_hal_uart_ex.o
 .debug_info    0x0000c8a5      0x9e4 Src/can.o
 .debug_info    0x0000d289      0x323 Src/canmd_controller.o
 .debug_info    0x0000d5ac      0x45f Src/gpio.o
 .debug_info    0x0000da0b     0x1bdd Src/main.o
 .debug_info    0x0000f5e8      0x272 Src/ps3.o
 .debug_info    0x0000f85a     0x1087 Src/stm32_printf.o
 .debug_info    0x000108e1      0x278 Src/stm32f3xx_hal_msp.o
 .debug_info    0x00010b59      0xfb3 Src/stm32f3xx_it.o
 .debug_info    0x00011b0c      0x91e Src/stm32f4_easy_can.o
 .debug_info    0x0001242a      0x460 Src/system_stm32f3xx.o
 .debug_info    0x0001288a     0x1161 Src/tim.o
 .debug_info    0x000139eb      0xc26 Src/usart.o
 .debug_info    0x00014611       0x22 startup/startup_stm32f303x8.o

.debug_abbrev   0x00000000     0x2e5e
 .debug_abbrev  0x00000000      0x1ed Drivers/STM32F3xx_HAL_Driver/Src/stm32f3xx_hal.o
 .debug_abbrev  0x000001ed      0x229 Drivers/STM32F3xx_HAL_Driver/Src/stm32f3xx_hal_can.o
 .debug_abbrev  0x00000416      0x303 Drivers/STM32F3xx_HAL_Driver/Src/stm32f3xx_hal_cortex.o
 .debug_abbrev  0x00000719      0x22d Drivers/STM32F3xx_HAL_Driver/Src/stm32f3xx_hal_dma.o
 .debug_abbrev  0x00000946      0x1de Drivers/STM32F3xx_HAL_Driver/Src/stm32f3xx_hal_gpio.o
 .debug_abbrev  0x00000b24      0x2a9 Drivers/STM32F3xx_HAL_Driver/Src/stm32f3xx_hal_rcc.o
 .debug_abbrev  0x00000dcd      0x244 Drivers/STM32F3xx_HAL_Driver/Src/stm32f3xx_hal_rcc_ex.o
 .debug_abbrev  0x00001011      0x226 Drivers/STM32F3xx_HAL_Driver/Src/stm32f3xx_hal_tim.o
 .debug_abbrev  0x00001237      0x246 Drivers/STM32F3xx_HAL_Driver/Src/stm32f3xx_hal_tim_ex.o
 .debug_abbrev  0x0000147d      0x258 Drivers/STM32F3xx_HAL_Driver/Src/stm32f3xx_hal_uart.o
 .debug_abbrev  0x000016d5      0x226 Drivers/STM32F3xx_HAL_Driver/Src/stm32f3xx_hal_uart_ex.o
 .debug_abbrev  0x000018fb      0x1e6 Src/can.o
 .debug_abbrev  0x00001ae1      0x18b Src/canmd_controller.o
 .debug_abbrev  0x00001c6c      0x173 Src/gpio.o
 .debug_abbrev  0x00001ddf      0x30e Src/main.o
 .debug_abbrev  0x000020ed      0x11c Src/ps3.o
 .debug_abbrev  0x00002209      0x28e Src/stm32_printf.o
 .debug_abbrev  0x00002497      0x109 Src/stm32f3xx_hal_msp.o
 .debug_abbrev  0x000025a0      0x1cc Src/stm32f3xx_it.o
 .debug_abbrev  0x0000276c      0x1d7 Src/stm32f4_easy_can.o
 .debug_abbrev  0x00002943      0x12b Src/system_stm32f3xx.o
 .debug_abbrev  0x00002a6e      0x20c Src/tim.o
 .debug_abbrev  0x00002c7a      0x1d2 Src/usart.o
 .debug_abbrev  0x00002e4c       0x12 startup/startup_stm32f303x8.o

.debug_loc      0x00000000     0xbe20
 .debug_loc     0x00000000      0x11b Drivers/STM32F3xx_HAL_Driver/Src/stm32f3xx_hal.o
 .debug_loc     0x0000011b      0xc41 Drivers/STM32F3xx_HAL_Driver/Src/stm32f3xx_hal_can.o
 .debug_loc     0x00000d5c      0x5ad Drivers/STM32F3xx_HAL_Driver/Src/stm32f3xx_hal_cortex.o
 .debug_loc     0x00001309      0x7c6 Drivers/STM32F3xx_HAL_Driver/Src/stm32f3xx_hal_dma.o
 .debug_loc     0x00001acf      0x2bd Drivers/STM32F3xx_HAL_Driver/Src/stm32f3xx_hal_gpio.o
 .debug_loc     0x00001d8c      0x96f Drivers/STM32F3xx_HAL_Driver/Src/stm32f3xx_hal_rcc.o
 .debug_loc     0x000026fb      0x449 Drivers/STM32F3xx_HAL_Driver/Src/stm32f3xx_hal_rcc_ex.o
 .debug_loc     0x00002b44     0x4a41 Drivers/STM32F3xx_HAL_Driver/Src/stm32f3xx_hal_tim.o
 .debug_loc     0x00007585     0x1e67 Drivers/STM32F3xx_HAL_Driver/Src/stm32f3xx_hal_tim_ex.o
 .debug_loc     0x000093ec     0x18c6 Drivers/STM32F3xx_HAL_Driver/Src/stm32f3xx_hal_uart.o
 .debug_loc     0x0000acb2      0x5f2 Drivers/STM32F3xx_HAL_Driver/Src/stm32f3xx_hal_uart_ex.o
 .debug_loc     0x0000b2a4       0x74 Src/can.o
 .debug_loc     0x0000b318      0x2c2 Src/canmd_controller.o
 .debug_loc     0x0000b5da      0x1f4 Src/main.o
 .debug_loc     0x0000b7ce      0x10f Src/ps3.o
 .debug_loc     0x0000b8dd       0x89 Src/stm32_printf.o
 .debug_loc     0x0000b966      0x1a8 Src/stm32f4_easy_can.o
 .debug_loc     0x0000bb0e       0xff Src/system_stm32f3xx.o
 .debug_loc     0x0000bc0d      0x16d Src/tim.o
 .debug_loc     0x0000bd7a       0xa6 Src/usart.o

.debug_aranges  0x00000000      0xf88
 .debug_aranges
                0x00000000       0xe0 Drivers/STM32F3xx_HAL_Driver/Src/stm32f3xx_hal.o
 .debug_aranges
                0x000000e0      0x138 Drivers/STM32F3xx_HAL_Driver/Src/stm32f3xx_hal_can.o
 .debug_aranges
                0x00000218       0x90 Drivers/STM32F3xx_HAL_Driver/Src/stm32f3xx_hal_cortex.o
 .debug_aranges
                0x000002a8       0x88 Drivers/STM32F3xx_HAL_Driver/Src/stm32f3xx_hal_dma.o
 .debug_aranges
                0x00000330       0x58 Drivers/STM32F3xx_HAL_Driver/Src/stm32f3xx_hal_gpio.o
 .debug_aranges
                0x00000388       0x88 Drivers/STM32F3xx_HAL_Driver/Src/stm32f3xx_hal_rcc.o
 .debug_aranges
                0x00000410       0x38 Drivers/STM32F3xx_HAL_Driver/Src/stm32f3xx_hal_rcc_ex.o
 .debug_aranges
                0x00000448      0x3e0 Drivers/STM32F3xx_HAL_Driver/Src/stm32f3xx_hal_tim.o
 .debug_aranges
                0x00000828      0x178 Drivers/STM32F3xx_HAL_Driver/Src/stm32f3xx_hal_tim_ex.o
 .debug_aranges
                0x000009a0      0x228 Drivers/STM32F3xx_HAL_Driver/Src/stm32f3xx_hal_uart.o
 .debug_aranges
                0x00000bc8       0x68 Drivers/STM32F3xx_HAL_Driver/Src/stm32f3xx_hal_uart_ex.o
 .debug_aranges
                0x00000c30       0x30 Src/can.o
 .debug_aranges
                0x00000c60       0x58 Src/canmd_controller.o
 .debug_aranges
                0x00000cb8       0x20 Src/gpio.o
 .debug_aranges
                0x00000cd8       0x50 Src/main.o
 .debug_aranges
                0x00000d28       0x40 Src/ps3.o
 .debug_aranges
                0x00000d68       0x30 Src/stm32_printf.o
 .debug_aranges
                0x00000d98       0x20 Src/stm32f3xx_hal_msp.o
 .debug_aranges
                0x00000db8       0xa8 Src/stm32f3xx_it.o
 .debug_aranges
                0x00000e60       0x40 Src/stm32f4_easy_can.o
 .debug_aranges
                0x00000ea0       0x28 Src/system_stm32f3xx.o
 .debug_aranges
                0x00000ec8       0x60 Src/tim.o
 .debug_aranges
                0x00000f28       0x38 Src/usart.o
 .debug_aranges
                0x00000f60       0x28 startup/startup_stm32f303x8.o

.debug_ranges   0x00000000      0xec0
 .debug_ranges  0x00000000       0xd0 Drivers/STM32F3xx_HAL_Driver/Src/stm32f3xx_hal.o
 .debug_ranges  0x000000d0      0x128 Drivers/STM32F3xx_HAL_Driver/Src/stm32f3xx_hal_can.o
 .debug_ranges  0x000001f8       0xe0 Drivers/STM32F3xx_HAL_Driver/Src/stm32f3xx_hal_cortex.o
 .debug_ranges  0x000002d8       0x78 Drivers/STM32F3xx_HAL_Driver/Src/stm32f3xx_hal_dma.o
 .debug_ranges  0x00000350       0x48 Drivers/STM32F3xx_HAL_Driver/Src/stm32f3xx_hal_gpio.o
 .debug_ranges  0x00000398       0x98 Drivers/STM32F3xx_HAL_Driver/Src/stm32f3xx_hal_rcc.o
 .debug_ranges  0x00000430       0x28 Drivers/STM32F3xx_HAL_Driver/Src/stm32f3xx_hal_rcc_ex.o
 .debug_ranges  0x00000458      0x3d0 Drivers/STM32F3xx_HAL_Driver/Src/stm32f3xx_hal_tim.o
 .debug_ranges  0x00000828      0x168 Drivers/STM32F3xx_HAL_Driver/Src/stm32f3xx_hal_tim_ex.o
 .debug_ranges  0x00000990      0x218 Drivers/STM32F3xx_HAL_Driver/Src/stm32f3xx_hal_uart.o
 .debug_ranges  0x00000ba8       0x58 Drivers/STM32F3xx_HAL_Driver/Src/stm32f3xx_hal_uart_ex.o
 .debug_ranges  0x00000c00       0x20 Src/can.o
 .debug_ranges  0x00000c20       0x48 Src/canmd_controller.o
 .debug_ranges  0x00000c68       0x10 Src/gpio.o
 .debug_ranges  0x00000c78       0x70 Src/main.o
 .debug_ranges  0x00000ce8       0x30 Src/ps3.o
 .debug_ranges  0x00000d18       0x20 Src/stm32_printf.o
 .debug_ranges  0x00000d38       0x10 Src/stm32f3xx_hal_msp.o
 .debug_ranges  0x00000d48       0x98 Src/stm32f3xx_it.o
 .debug_ranges  0x00000de0       0x30 Src/stm32f4_easy_can.o
 .debug_ranges  0x00000e10       0x18 Src/system_stm32f3xx.o
 .debug_ranges  0x00000e28       0x50 Src/tim.o
 .debug_ranges  0x00000e78       0x28 Src/usart.o
 .debug_ranges  0x00000ea0       0x20 startup/startup_stm32f303x8.o

.debug_macro    0x00000000    0x1cf8e
 .debug_macro   0x00000000      0x1f4 Drivers/STM32F3xx_HAL_Driver/Src/stm32f3xx_hal.o
 .debug_macro   0x000001f4      0xa54 Drivers/STM32F3xx_HAL_Driver/Src/stm32f3xx_hal.o
 .debug_macro   0x00000c48      0x15d Drivers/STM32F3xx_HAL_Driver/Src/stm32f3xx_hal.o
 .debug_macro   0x00000da5       0x2e Drivers/STM32F3xx_HAL_Driver/Src/stm32f3xx_hal.o
 .debug_macro   0x00000dd3       0x28 Drivers/STM32F3xx_HAL_Driver/Src/stm32f3xx_hal.o
 .debug_macro   0x00000dfb       0x22 Drivers/STM32F3xx_HAL_Driver/Src/stm32f3xx_hal.o
 .debug_macro   0x00000e1d       0x8e Drivers/STM32F3xx_HAL_Driver/Src/stm32f3xx_hal.o
 .debug_macro   0x00000eab       0x51 Drivers/STM32F3xx_HAL_Driver/Src/stm32f3xx_hal.o
 .debug_macro   0x00000efc       0xef Drivers/STM32F3xx_HAL_Driver/Src/stm32f3xx_hal.o
 .debug_macro   0x00000feb       0x6a Drivers/STM32F3xx_HAL_Driver/Src/stm32f3xx_hal.o
 .debug_macro   0x00001055      0x1df Drivers/STM32F3xx_HAL_Driver/Src/stm32f3xx_hal.o
 .debug_macro   0x00001234       0x1c Drivers/STM32F3xx_HAL_Driver/Src/stm32f3xx_hal.o
 .debug_macro   0x00001250       0x22 Drivers/STM32F3xx_HAL_Driver/Src/stm32f3xx_hal.o
 .debug_macro   0x00001272       0xdf Drivers/STM32F3xx_HAL_Driver/Src/stm32f3xx_hal.o
 .debug_macro   0x00001351      0xf07 Drivers/STM32F3xx_HAL_Driver/Src/stm32f3xx_hal.o
 .debug_macro   0x00002258    0x10bd9 Drivers/STM32F3xx_HAL_Driver/Src/stm32f3xx_hal.o
 .debug_macro   0x00012e31       0x43 Drivers/STM32F3xx_HAL_Driver/Src/stm32f3xx_hal.o
 .debug_macro   0x00012e74     0x35e9 Drivers/STM32F3xx_HAL_Driver/Src/stm32f3xx_hal.o
 .debug_macro   0x0001645d      0x174 Drivers/STM32F3xx_HAL_Driver/Src/stm32f3xx_hal.o
 .debug_macro   0x000165d1       0x55 Drivers/STM32F3xx_HAL_Driver/Src/stm32f3xx_hal.o
 .debug_macro   0x00016626      0x8f9 Drivers/STM32F3xx_HAL_Driver/Src/stm32f3xx_hal.o
 .debug_macro   0x00016f1f      0x304 Drivers/STM32F3xx_HAL_Driver/Src/stm32f3xx_hal.o
 .debug_macro   0x00017223      0x12f Drivers/STM32F3xx_HAL_Driver/Src/stm32f3xx_hal.o
 .debug_macro   0x00017352      0x11b Drivers/STM32F3xx_HAL_Driver/Src/stm32f3xx_hal.o
 .debug_macro   0x0001746d      0x1d5 Drivers/STM32F3xx_HAL_Driver/Src/stm32f3xx_hal.o
 .debug_macro   0x00017642      0x1bc Drivers/STM32F3xx_HAL_Driver/Src/stm32f3xx_hal.o
 .debug_macro   0x000177fe       0x34 Drivers/STM32F3xx_HAL_Driver/Src/stm32f3xx_hal.o
 .debug_macro   0x00017832       0x3c Drivers/STM32F3xx_HAL_Driver/Src/stm32f3xx_hal.o
 .debug_macro   0x0001786e       0x57 Drivers/STM32F3xx_HAL_Driver/Src/stm32f3xx_hal.o
 .debug_macro   0x000178c5      0x408 Drivers/STM32F3xx_HAL_Driver/Src/stm32f3xx_hal.o
 .debug_macro   0x00017ccd       0xc5 Drivers/STM32F3xx_HAL_Driver/Src/stm32f3xx_hal.o
 .debug_macro   0x00017d92      0x19f Drivers/STM32F3xx_HAL_Driver/Src/stm32f3xx_hal.o
 .debug_macro   0x00017f31      0x22c Drivers/STM32F3xx_HAL_Driver/Src/stm32f3xx_hal.o
 .debug_macro   0x0001815d       0x5b Drivers/STM32F3xx_HAL_Driver/Src/stm32f3xx_hal.o
 .debug_macro   0x000181b8       0xa5 Drivers/STM32F3xx_HAL_Driver/Src/stm32f3xx_hal.o
 .debug_macro   0x0001825d       0x81 Drivers/STM32F3xx_HAL_Driver/Src/stm32f3xx_hal.o
 .debug_macro   0x000182de       0xd3 Drivers/STM32F3xx_HAL_Driver/Src/stm32f3xx_hal.o
 .debug_macro   0x000183b1      0xa3d Drivers/STM32F3xx_HAL_Driver/Src/stm32f3xx_hal.o
 .debug_macro   0x00018dee       0x59 Drivers/STM32F3xx_HAL_Driver/Src/stm32f3xx_hal.o
 .debug_macro   0x00018e47      0x5a5 Drivers/STM32F3xx_HAL_Driver/Src/stm32f3xx_hal.o
 .debug_macro   0x000193ec       0x44 Drivers/STM32F3xx_HAL_Driver/Src/stm32f3xx_hal.o
 .debug_macro   0x00019430      0x285 Drivers/STM32F3xx_HAL_Driver/Src/stm32f3xx_hal.o
 .debug_macro   0x000196b5      0x1d8 Drivers/STM32F3xx_HAL_Driver/Src/stm32f3xx_hal_can.o
 .debug_macro   0x0001988d      0x1d0 Drivers/STM32F3xx_HAL_Driver/Src/stm32f3xx_hal_cortex.o
 .debug_macro   0x00019a5d      0x1d0 Drivers/STM32F3xx_HAL_Driver/Src/stm32f3xx_hal_dma.o
 .debug_macro   0x00019c2d      0x208 Drivers/STM32F3xx_HAL_Driver/Src/stm32f3xx_hal_gpio.o
 .debug_macro   0x00019e35      0x1f4 Drivers/STM32F3xx_HAL_Driver/Src/stm32f3xx_hal_rcc.o
 .debug_macro   0x0001a029      0x1d0 Drivers/STM32F3xx_HAL_Driver/Src/stm32f3xx_hal_rcc_ex.o
 .debug_macro   0x0001a1f9      0x1d1 Drivers/STM32F3xx_HAL_Driver/Src/stm32f3xx_hal_tim.o
 .debug_macro   0x0001a3ca      0x1d0 Drivers/STM32F3xx_HAL_Driver/Src/stm32f3xx_hal_tim_ex.o
 .debug_macro   0x0001a59a      0x1ed Drivers/STM32F3xx_HAL_Driver/Src/stm32f3xx_hal_uart.o
 .debug_macro   0x0001a787      0x1d0 Drivers/STM32F3xx_HAL_Driver/Src/stm32f3xx_hal_uart_ex.o
 .debug_macro   0x0001a957      0x1e9 Src/can.o
 .debug_macro   0x0001ab40       0x34 Src/can.o
 .debug_macro   0x0001ab74       0x1a Src/canmd_controller.o
 .debug_macro   0x0001ab8e      0xa60 Src/canmd_controller.o
 .debug_macro   0x0001b5ee       0x10 Src/canmd_controller.o
 .debug_macro   0x0001b5fe      0x1e9 Src/gpio.o
 .debug_macro   0x0001b7e7      0x232 Src/main.o
 .debug_macro   0x0001ba19       0x21 Src/ps3.o
 .debug_macro   0x0001ba3a      0x2b1 Src/stm32_printf.o
 .debug_macro   0x0001bceb       0x58 Src/stm32_printf.o
 .debug_macro   0x0001bd43       0x18 Src/stm32_printf.o
 .debug_macro   0x0001bd5b       0x5e Src/stm32_printf.o
 .debug_macro   0x0001bdb9       0x35 Src/stm32_printf.o
 .debug_macro   0x0001bdee       0x34 Src/stm32_printf.o
 .debug_macro   0x0001be22       0x16 Src/stm32_printf.o
 .debug_macro   0x0001be38       0x35 Src/stm32_printf.o
 .debug_macro   0x0001be6d       0x58 Src/stm32_printf.o
 .debug_macro   0x0001bec5       0x1f Src/stm32_printf.o
 .debug_macro   0x0001bee4       0x43 Src/stm32_printf.o
 .debug_macro   0x0001bf27       0x20 Src/stm32_printf.o
 .debug_macro   0x0001bf47      0x18e Src/stm32_printf.o
 .debug_macro   0x0001c0d5      0x32a Src/stm32_printf.o
 .debug_macro   0x0001c3ff       0x16 Src/stm32_printf.o
 .debug_macro   0x0001c415       0x29 Src/stm32_printf.o
 .debug_macro   0x0001c43e      0x1df Src/stm32f3xx_hal_msp.o
 .debug_macro   0x0001c61d      0x1e9 Src/stm32f3xx_it.o
 .debug_macro   0x0001c806      0x1e0 Src/stm32f4_easy_can.o
 .debug_macro   0x0001c9e6      0x1d6 Src/system_stm32f3xx.o
 .debug_macro   0x0001cbbc      0x1e9 Src/tim.o
 .debug_macro   0x0001cda5      0x1e9 Src/usart.o

.debug_line     0x00000000     0xde40
 .debug_line    0x00000000      0x843 Drivers/STM32F3xx_HAL_Driver/Src/stm32f3xx_hal.o
 .debug_line    0x00000843      0xb54 Drivers/STM32F3xx_HAL_Driver/Src/stm32f3xx_hal_can.o
 .debug_line    0x00001397      0x852 Drivers/STM32F3xx_HAL_Driver/Src/stm32f3xx_hal_cortex.o
 .debug_line    0x00001be9      0x8c7 Drivers/STM32F3xx_HAL_Driver/Src/stm32f3xx_hal_dma.o
 .debug_line    0x000024b0      0x7c0 Drivers/STM32F3xx_HAL_Driver/Src/stm32f3xx_hal_gpio.o
 .debug_line    0x00002c70      0xb77 Drivers/STM32F3xx_HAL_Driver/Src/stm32f3xx_hal_rcc.o
 .debug_line    0x000037e7      0x801 Drivers/STM32F3xx_HAL_Driver/Src/stm32f3xx_hal_rcc_ex.o
 .debug_line    0x00003fe8     0x2628 Drivers/STM32F3xx_HAL_Driver/Src/stm32f3xx_hal_tim.o
 .debug_line    0x00006610     0x13a7 Drivers/STM32F3xx_HAL_Driver/Src/stm32f3xx_hal_tim_ex.o
 .debug_line    0x000079b7     0x1230 Drivers/STM32F3xx_HAL_Driver/Src/stm32f3xx_hal_uart.o
 .debug_line    0x00008be7      0x8cb Drivers/STM32F3xx_HAL_Driver/Src/stm32f3xx_hal_uart_ex.o
 .debug_line    0x000094b2      0x6ab Src/can.o
 .debug_line    0x00009b5d      0x16b Src/canmd_controller.o
 .debug_line    0x00009cc8      0x674 Src/gpio.o
 .debug_line    0x0000a33c      0x7f8 Src/main.o
 .debug_line    0x0000ab34      0x11d Src/ps3.o
 .debug_line    0x0000ac51      0x752 Src/stm32_printf.o
 .debug_line    0x0000b3a3      0x66a Src/stm32f3xx_hal_msp.o
 .debug_line    0x0000ba0d      0x79c Src/stm32f3xx_it.o
 .debug_line    0x0000c1a9      0x721 Src/stm32f4_easy_can.o
 .debug_line    0x0000c8ca      0x692 Src/system_stm32f3xx.o
 .debug_line    0x0000cf5c      0x787 Src/tim.o
 .debug_line    0x0000d6e3      0x6de Src/usart.o
 .debug_line    0x0000ddc1       0x7f startup/startup_stm32f303x8.o

.debug_str      0x00000000    0xa6672
 .debug_str     0x00000000    0x9f55f Drivers/STM32F3xx_HAL_Driver/Src/stm32f3xx_hal.o
                              0x9f965 (size before relaxing)
 .debug_str     0x0009f55f      0x7ef Drivers/STM32F3xx_HAL_Driver/Src/stm32f3xx_hal_can.o
                              0x9fa85 (size before relaxing)
 .debug_str     0x0009fd4e      0x293 Drivers/STM32F3xx_HAL_Driver/Src/stm32f3xx_hal_cortex.o
                              0x9f901 (size before relaxing)
 .debug_str     0x0009ffe1      0x3e1 Drivers/STM32F3xx_HAL_Driver/Src/stm32f3xx_hal_dma.o
                              0x9f658 (size before relaxing)
 .debug_str     0x000a03c2      0x2fe Drivers/STM32F3xx_HAL_Driver/Src/stm32f3xx_hal_gpio.o
                              0x9f5aa (size before relaxing)
 .debug_str     0x000a06c0      0x3f9 Drivers/STM32F3xx_HAL_Driver/Src/stm32f3xx_hal_rcc.o
                              0x9f767 (size before relaxing)
 .debug_str     0x000a0ab9      0x17f Drivers/STM32F3xx_HAL_Driver/Src/stm32f3xx_hal_rcc_ex.o
                              0x9f48d (size before relaxing)
 .debug_str     0x000a0c38     0x1148 Drivers/STM32F3xx_HAL_Driver/Src/stm32f3xx_hal_tim.o
                              0xa06fa (size before relaxing)
 .debug_str     0x000a1d80      0x5a7 Drivers/STM32F3xx_HAL_Driver/Src/stm32f3xx_hal_tim_ex.o
                              0x9ff5e (size before relaxing)
 .debug_str     0x000a2327      0xa70 Drivers/STM32F3xx_HAL_Driver/Src/stm32f3xx_hal_uart.o
                              0x9ffd6 (size before relaxing)
 .debug_str     0x000a2d97      0x19e Drivers/STM32F3xx_HAL_Driver/Src/stm32f3xx_hal_uart_ex.o
                              0x9f8b5 (size before relaxing)
 .debug_str     0x000a2f35       0xfa Src/can.o
                              0x9f9b4 (size before relaxing)
 .debug_str     0x000a302f      0x27d Src/canmd_controller.o
                               0x2fa0 (size before relaxing)
 .debug_str     0x000a32ac       0x25 Src/gpio.o
                              0x9f3ae (size before relaxing)
 .debug_str     0x000a32d1      0x2d3 Src/main.o
                              0xa02ed (size before relaxing)
 .debug_str     0x000a35a4       0x94 Src/ps3.o
                               0x2e6d (size before relaxing)
 .debug_str     0x000a3638     0x2d48 Src/stm32_printf.o
                              0xa2497 (size before relaxing)
 .debug_str     0x000a6380       0x1b Src/stm32f3xx_hal_msp.o
                              0x9f2f3 (size before relaxing)
 .debug_str     0x000a639b       0xda Src/stm32f3xx_it.o
                              0x9fdcf (size before relaxing)
 .debug_str     0x000a6475       0xfe Src/stm32f4_easy_can.o
                              0x9f7db (size before relaxing)
 .debug_str     0x000a6573       0x64 Src/system_stm32f3xx.o
                              0x9f2e1 (size before relaxing)
 .debug_str     0x000a65d7       0x52 Src/tim.o
                              0x9fe45 (size before relaxing)
 .debug_str     0x000a6629       0x1a Src/usart.o
                              0x9fb33 (size before relaxing)
 .debug_str     0x000a6643       0x2f startup/startup_stm32f303x8.o
                                 0x44 (size before relaxing)

.comment        0x00000000       0x7f
 .comment       0x00000000       0x7f Drivers/STM32F3xx_HAL_Driver/Src/stm32f3xx_hal.o
                                 0x80 (size before relaxing)
 .comment       0x0000007f       0x80 Drivers/STM32F3xx_HAL_Driver/Src/stm32f3xx_hal_can.o
 .comment       0x0000007f       0x80 Drivers/STM32F3xx_HAL_Driver/Src/stm32f3xx_hal_cortex.o
 .comment       0x0000007f       0x80 Drivers/STM32F3xx_HAL_Driver/Src/stm32f3xx_hal_dma.o
 .comment       0x0000007f       0x80 Drivers/STM32F3xx_HAL_Driver/Src/stm32f3xx_hal_gpio.o
 .comment       0x0000007f       0x80 Drivers/STM32F3xx_HAL_Driver/Src/stm32f3xx_hal_rcc.o
 .comment       0x0000007f       0x80 Drivers/STM32F3xx_HAL_Driver/Src/stm32f3xx_hal_rcc_ex.o
 .comment       0x0000007f       0x80 Drivers/STM32F3xx_HAL_Driver/Src/stm32f3xx_hal_tim.o
 .comment       0x0000007f       0x80 Drivers/STM32F3xx_HAL_Driver/Src/stm32f3xx_hal_tim_ex.o
 .comment       0x0000007f       0x80 Drivers/STM32F3xx_HAL_Driver/Src/stm32f3xx_hal_uart.o
 .comment       0x0000007f       0x80 Drivers/STM32F3xx_HAL_Driver/Src/stm32f3xx_hal_uart_ex.o
 .comment       0x0000007f       0x80 Src/can.o
 .comment       0x0000007f       0x80 Src/canmd_controller.o
 .comment       0x0000007f       0x80 Src/gpio.o
 .comment       0x0000007f       0x80 Src/main.o
 .comment       0x0000007f       0x80 Src/ps3.o
 .comment       0x0000007f       0x80 Src/stm32_printf.o
 .comment       0x0000007f       0x80 Src/stm32f3xx_hal_msp.o
 .comment       0x0000007f       0x80 Src/stm32f3xx_it.o
 .comment       0x0000007f       0x80 Src/stm32f4_easy_can.o
 .comment       0x0000007f       0x80 Src/system_stm32f3xx.o
 .comment       0x0000007f       0x80 Src/tim.o
 .comment       0x0000007f       0x80 Src/usart.o

.debug_frame    0x00000000     0x2924
 .debug_frame   0x00000000      0x1cc Drivers/STM32F3xx_HAL_Driver/Src/stm32f3xx_hal.o
 .debug_frame   0x000001cc      0x2e4 Drivers/STM32F3xx_HAL_Driver/Src/stm32f3xx_hal_can.o
 .debug_frame   0x000004b0      0x12c Drivers/STM32F3xx_HAL_Driver/Src/stm32f3xx_hal_cortex.o
 .debug_frame   0x000005dc      0x164 Drivers/STM32F3xx_HAL_Driver/Src/stm32f3xx_hal_dma.o
 .debug_frame   0x00000740       0xd0 Drivers/STM32F3xx_HAL_Driver/Src/stm32f3xx_hal_gpio.o
 .debug_frame   0x00000810      0x17c Drivers/STM32F3xx_HAL_Driver/Src/stm32f3xx_hal_rcc.o
 .debug_frame   0x0000098c       0x80 Drivers/STM32F3xx_HAL_Driver/Src/stm32f3xx_hal_rcc_ex.o
 .debug_frame   0x00000a0c      0xbbc Drivers/STM32F3xx_HAL_Driver/Src/stm32f3xx_hal_tim.o
 .debug_frame   0x000015c8      0x4b8 Drivers/STM32F3xx_HAL_Driver/Src/stm32f3xx_hal_tim_ex.o
 .debug_frame   0x00001a80      0x5f4 Drivers/STM32F3xx_HAL_Driver/Src/stm32f3xx_hal_uart.o
 .debug_frame   0x00002074      0x118 Drivers/STM32F3xx_HAL_Driver/Src/stm32f3xx_hal_uart_ex.o
 .debug_frame   0x0000218c       0x60 Src/can.o
 .debug_frame   0x000021ec       0xdc Src/canmd_controller.o
 .debug_frame   0x000022c8       0x34 Src/gpio.o
 .debug_frame   0x000022fc       0xd8 Src/main.o
 .debug_frame   0x000023d4       0x88 Src/ps3.o
 .debug_frame   0x0000245c       0x74 Src/stm32_printf.o
 .debug_frame   0x000024d0       0x28 Src/stm32f3xx_hal_msp.o
 .debug_frame   0x000024f8      0x180 Src/stm32f3xx_it.o
 .debug_frame   0x00002678       0x9c Src/stm32f4_easy_can.o
 .debug_frame   0x00002714       0x30 Src/system_stm32f3xx.o
 .debug_frame   0x00002744      0x11c Src/tim.o
 .debug_frame   0x00002860       0x78 Src/usart.o
 .debug_frame   0x000028d8       0x2c d:/ac6/systemworkbench/plugins/fr.ac6.mcu.externaltools.arm-none.win32_1.17.0.201812190825/tools/compiler/bin/../lib/gcc/arm-none-eabi/7.3.1/../../../../arm-none-eabi/lib/thumb/v7e-m/fpv4-sp/hard\libc_nano.a(lib_a-init.o)
 .debug_frame   0x00002904       0x20 d:/ac6/systemworkbench/plugins/fr.ac6.mcu.externaltools.arm-none.win32_1.17.0.201812190825/tools/compiler/bin/../lib/gcc/arm-none-eabi/7.3.1/../../../../arm-none-eabi/lib/thumb/v7e-m/fpv4-sp/hard\libc_nano.a(lib_a-memset.o)
